// Jest Snapshot v1, https://goo.gl/fbAQLP

exports[`<RegisterForm /> 에서 스냅샷이 일치한다 1`] = `
<div>
  <div
    style="display: flex; justify-content: center;"
  >
    <div
      class="sc-eCApGN jXAhvR"
    >
      <p
        style="font-size: 2rem; font-weight: 500;"
      >
        학부모(일반회원)
         회원가입
      </p>
      <form
        class="makeStyles-root-11"
      >
        <div
          style="margin-bottom: 2rem;"
        >
          <div
            class="MuiFormControl-root MuiTextField-root sc-hKFyIo dZgHxg"
          >
            <label
              class="MuiFormLabel-root MuiInputLabel-root MuiInputLabel-formControl MuiInputLabel-animated MuiInputLabel-outlined"
              data-shrink="false"
              for="userid outlined-basic"
              id="userid outlined-basic-label"
            >
              아이디
            </label>
            <div
              class="MuiInputBase-root MuiOutlinedInput-root MuiInputBase-formControl"
            >
              <input
                aria-invalid="false"
                class="MuiInputBase-input MuiOutlinedInput-input"
                id="userid outlined-basic"
                placeholder="숫자, 영어 조합하여 6자리 이상 입력"
                type="text"
                value=""
              />
              <fieldset
                aria-hidden="true"
                class="PrivateNotchedOutline-root-12 MuiOutlinedInput-notchedOutline"
              >
                <legend
                  class="PrivateNotchedOutline-legendLabelled-14"
                >
                  <span>
                    아이디
                  </span>
                </legend>
              </fieldset>
            </div>
          </div>
          <div
            style="display: flex; margin-left: 1rem;"
          >
            <button
              class="MuiButtonBase-root MuiButton-root MuiButton-contained MuiButton-containedPrimary"
              id="checkDuplication"
              tabindex="0"
              type="button"
            >
              <span
                class="MuiButton-label"
              >
                중복 확인
              </span>
              <span
                class="MuiTouchRipple-root"
              />
            </button>
          </div>
        </div>
        <div
          class="MuiFormControl-root MuiTextField-root sc-hKFyIo dZgHxg"
        >
          <label
            class="MuiFormLabel-root MuiInputLabel-root MuiInputLabel-formControl MuiInputLabel-animated MuiInputLabel-outlined"
            data-shrink="false"
            for="password outlined-basic"
            id="password outlined-basic-label"
          >
            비밀번호
          </label>
          <div
            class="MuiInputBase-root MuiOutlinedInput-root MuiInputBase-formControl"
          >
            <input
              aria-invalid="false"
              class="MuiInputBase-input MuiOutlinedInput-input"
              id="password outlined-basic"
              placeholder="숫자, 영어 조합하여 8자리 이상 입력"
              type="password"
              value=""
            />
            <fieldset
              aria-hidden="true"
              class="PrivateNotchedOutline-root-12 MuiOutlinedInput-notchedOutline"
            >
              <legend
                class="PrivateNotchedOutline-legendLabelled-14"
              >
                <span>
                  비밀번호
                </span>
              </legend>
            </fieldset>
          </div>
        </div>
        <br />
        <div
          class="MuiFormControl-root MuiTextField-root sc-hKFyIo dZgHxg"
        >
          <label
            class="MuiFormLabel-root MuiInputLabel-root MuiInputLabel-formControl MuiInputLabel-animated MuiInputLabel-outlined"
            data-shrink="false"
            for="rePassword outlined-basic"
            id="rePassword outlined-basic-label"
          >
            비밀번호 확인
          </label>
          <div
            class="MuiInputBase-root MuiOutlinedInput-root MuiInputBase-formControl"
          >
            <input
              aria-invalid="false"
              class="MuiInputBase-input MuiOutlinedInput-input"
              id="rePassword outlined-basic"
              placeholder=""
              type="password"
              value=""
            />
            <fieldset
              aria-hidden="true"
              class="PrivateNotchedOutline-root-12 MuiOutlinedInput-notchedOutline"
            >
              <legend
                class="PrivateNotchedOutline-legendLabelled-14"
              >
                <span>
                  비밀번호 확인
                </span>
              </legend>
            </fieldset>
          </div>
        </div>
        <br />
        <div
          class="MuiFormControl-root MuiTextField-root sc-hKFyIo dZgHxg"
        >
          <label
            class="MuiFormLabel-root MuiInputLabel-root MuiInputLabel-formControl MuiInputLabel-animated MuiInputLabel-outlined"
            data-shrink="false"
            for="name outlined-basic"
            id="name outlined-basic-label"
          >
            이름
          </label>
          <div
            class="MuiInputBase-root MuiOutlinedInput-root MuiInputBase-formControl"
          >
            <input
              aria-invalid="false"
              class="MuiInputBase-input MuiOutlinedInput-input"
              id="name outlined-basic"
              placeholder="2글자 이상 입력"
              type="text"
              value=""
            />
            <fieldset
              aria-hidden="true"
              class="PrivateNotchedOutline-root-12 MuiOutlinedInput-notchedOutline"
            >
              <legend
                class="PrivateNotchedOutline-legendLabelled-14"
              >
                <span>
                  이름
                </span>
              </legend>
            </fieldset>
          </div>
        </div>
        <br />
        <div
          class="MuiFormControl-root MuiTextField-root sc-hKFyIo dZgHxg"
        >
          <label
            class="MuiFormLabel-root MuiInputLabel-root MuiInputLabel-formControl MuiInputLabel-animated MuiInputLabel-outlined"
            data-shrink="false"
            for="phone outlined-basic"
            id="phone outlined-basic-label"
          >
            휴대폰 번호
          </label>
          <div
            class="MuiInputBase-root MuiOutlinedInput-root MuiInputBase-formControl"
          >
            <input
              aria-invalid="false"
              class="MuiInputBase-input MuiOutlinedInput-input"
              id="phone outlined-basic"
              placeholder="숫자만 입력"
              type="number"
              value=""
            />
            <fieldset
              aria-hidden="true"
              class="PrivateNotchedOutline-root-12 MuiOutlinedInput-notchedOutline"
            >
              <legend
                class="PrivateNotchedOutline-legendLabelled-14"
              >
                <span>
                  휴대폰 번호
                </span>
              </legend>
            </fieldset>
          </div>
        </div>
        <br />
        <div
          style="display: flex; align-items: center; justify-content: space-between;"
        >
          <div
            class="MuiFormControl-root MuiTextField-root sc-hKFyIo dZgHxg"
          >
            <label
              class="MuiFormLabel-root MuiInputLabel-root MuiInputLabel-formControl MuiInputLabel-animated MuiInputLabel-outlined"
              data-shrink="false"
              for="firstEmail outlined-basic"
              id="firstEmail outlined-basic-label"
            >
              이메일
            </label>
            <div
              class="MuiInputBase-root MuiOutlinedInput-root MuiInputBase-formControl"
            >
              <input
                aria-invalid="false"
                class="MuiInputBase-input MuiOutlinedInput-input"
                id="firstEmail outlined-basic"
                placeholder=""
                type="text"
                value=""
              />
              <fieldset
                aria-hidden="true"
                class="PrivateNotchedOutline-root-12 MuiOutlinedInput-notchedOutline"
              >
                <legend
                  class="PrivateNotchedOutline-legendLabelled-14"
                >
                  <span>
                    이메일
                  </span>
                </legend>
              </fieldset>
            </div>
          </div>
          <span
            style="margin: 0.5rem;"
          >
            @
          </span>
          <div
            class="MuiFormControl-root MuiTextField-root sc-hKFyIo dZgHxg"
          >
            
            <div
              class="MuiInputBase-root MuiOutlinedInput-root MuiInputBase-formControl"
            >
              <input
                aria-invalid="false"
                class="MuiInputBase-input MuiOutlinedInput-input"
                id="lastEmail outlined-basic"
                placeholder="example.com"
                type="text"
                value=""
              />
              <fieldset
                aria-hidden="true"
                class="PrivateNotchedOutline-root-12 MuiOutlinedInput-notchedOutline"
                style="padding-left: 8px;"
              >
                <legend
                  class="PrivateNotchedOutline-legend-13"
                  style="width: 0.01px;"
                >
                  <span>
                    ​
                  </span>
                </legend>
              </fieldset>
            </div>
          </div>
          <div
            class="MuiFormControl-root makeStyles-formControl-16"
          >
            <label
              class="MuiFormLabel-root MuiInputLabel-root MuiInputLabel-formControl MuiInputLabel-animated MuiInputLabel-shrink MuiInputLabel-outlined MuiFormLabel-filled"
              data-shrink="true"
              id="dropdown"
            >
              주소
            </label>
            <div
              class="MuiInputBase-root MuiOutlinedInput-root MuiInputBase-formControl"
            >
              <div
                aria-haspopup="listbox"
                aria-labelledby="dropdown emailList"
                class="MuiSelect-root MuiSelect-select MuiSelect-selectMenu MuiSelect-outlined MuiInputBase-input MuiOutlinedInput-input"
                id="emailList"
                role="button"
                tabindex="0"
              >
                직접 입력
              </div>
              <input
                aria-hidden="true"
                class="MuiSelect-nativeInput"
                tabindex="-1"
                value="직접 입력"
              />
              <svg
                aria-hidden="true"
                class="MuiSvgIcon-root MuiSelect-icon MuiSelect-iconOutlined"
                focusable="false"
                viewBox="0 0 24 24"
              >
                <path
                  d="M7 10l5 5 5-5z"
                />
              </svg>
              <fieldset
                aria-hidden="true"
                class="PrivateNotchedOutline-root-12 MuiOutlinedInput-notchedOutline"
              >
                <legend
                  class="PrivateNotchedOutline-legendLabelled-14 PrivateNotchedOutline-legendNotched-15"
                >
                  <span>
                    주소
                  </span>
                </legend>
              </fieldset>
            </div>
          </div>
        </div>
        <div
          class="makeStyles-row-18"
          style="margin-top: 1rem;"
        >
          <span
            style="margin: 1rem; font-size: 1.2rem;"
          >
            학생 추가
          </span>
          <button
            class="MuiButtonBase-root MuiIconButton-root MuiIconButton-colorPrimary"
            tabindex="0"
            type="button"
            variant="contained"
          >
            <span
              class="MuiIconButton-label"
            >
              <svg
                fill="currentColor"
                height="1em"
                stroke="currentColor"
                stroke-width="0"
                viewBox="0 0 448 512"
                width="1em"
                xmlns="http://www.w3.org/2000/svg"
              >
                <path
                  d="M416 208H272V64c0-17.67-14.33-32-32-32h-32c-17.67 0-32 14.33-32 32v144H32c-17.67 0-32 14.33-32 32v32c0 17.67 14.33 32 32 32h144v144c0 17.67 14.33 32 32 32h32c17.67 0 32-14.33 32-32V304h144c17.67 0 32-14.33 32-32v-32c0-17.67-14.33-32-32-32z"
                />
              </svg>
            </span>
            <span
              class="MuiTouchRipple-root"
            />
          </button>
        </div>
        <div
          class="makeStyles-root-17"
        >
          <div
            class="MuiGrid-root makeStyles-row-18 MuiGrid-container"
          >
            <div
              class="MuiGrid-root MuiGrid-item MuiGrid-grid-xs-3"
            >
              <span
                class="makeStyles-label-19"
              >
                이름
              </span>
            </div>
            <div
              class="MuiGrid-root MuiGrid-item MuiGrid-grid-xs-4"
            >
              <span
                class="makeStyles-label-19"
              >
                생년월일
              </span>
            </div>
            <div
              class="MuiGrid-root MuiGrid-item MuiGrid-grid-xs-4"
            >
              <span
                class="makeStyles-label-19"
              >
                소속 유치원
              </span>
            </div>
            <div
              class="MuiGrid-root MuiGrid-item MuiGrid-grid-xs-1"
            >
              <span
                class="makeStyles-label-19"
              >
                삭제
              </span>
            </div>
          </div>
          <p
            style="border-bottom: 1px solid gray; margin: 0.5rem;"
          />
        </div>
        <div
          style="margin-top: 3rem;"
        >
          <button
            class="MuiButtonBase-root MuiButton-root MuiButton-contained sc-jSFkmK dYUkBY MuiButton-containedPrimary Mui-disabled Mui-disabled"
            disabled=""
            tabindex="-1"
            type="submit"
          >
            <span
              class="MuiButton-label"
            >
              회원가입
            </span>
          </button>
        </div>
      </form>
    </div>
  </div>
</div>
`;
